  Determining projects to restore...
D:\.NET\ASPDotNet\FoodDelivery\Gateway\FoodDelivery.Gateway\FoodDelivery.Gateway.csproj : warning NU1603: FoodDelivery.Gateway depends on MMLib.SwaggerForOcelot (>= 8.2.2) but MMLib.SwaggerForOcelot 8.2.2 was not found. MMLib.SwaggerForOcelot 8.3.0 was resolved instead. [D:\.NET\ASPDotNet\FoodDelivery\FoodDelivery.slnx]
D:\.NET\ASPDotNet\FoodDelivery\Gateway\FoodDelivery.Gateway\FoodDelivery.Gateway.csproj : warning NU1903: Package 'Azure.Identity' 1.7.0 has a known high severity vulnerability, https://github.com/advisories/GHSA-5mfx-4wcx-rv27 [D:\.NET\ASPDotNet\FoodDelivery\FoodDelivery.slnx]
D:\.NET\ASPDotNet\FoodDelivery\Gateway\FoodDelivery.Gateway\FoodDelivery.Gateway.csproj : warning NU1902: Package 'Azure.Identity' 1.7.0 has a known moderate severity vulnerability, https://github.com/advisories/GHSA-m5vv-6r4h-3vj9 [D:\.NET\ASPDotNet\FoodDelivery\FoodDelivery.slnx]
D:\.NET\ASPDotNet\FoodDelivery\Gateway\FoodDelivery.Gateway\FoodDelivery.Gateway.csproj : warning NU1902: Package 'Azure.Identity' 1.7.0 has a known moderate severity vulnerability, https://github.com/advisories/GHSA-wvxc-855f-jvrv [D:\.NET\ASPDotNet\FoodDelivery\FoodDelivery.slnx]
D:\.NET\ASPDotNet\FoodDelivery\Gateway\FoodDelivery.Gateway\FoodDelivery.Gateway.csproj : warning NU1903: Package 'Microsoft.Data.SqlClient' 5.1.0 has a known high severity vulnerability, https://github.com/advisories/GHSA-98g6-xh36-x2p7 [D:\.NET\ASPDotNet\FoodDelivery\FoodDelivery.slnx]
D:\.NET\ASPDotNet\FoodDelivery\Gateway\FoodDelivery.Gateway\FoodDelivery.Gateway.csproj : warning NU1902: Package 'Microsoft.IdentityModel.JsonWebTokens' 6.24.0 has a known moderate severity vulnerability, https://github.com/advisories/GHSA-59j7-ghrg-fj52 [D:\.NET\ASPDotNet\FoodDelivery\FoodDelivery.slnx]
D:\.NET\ASPDotNet\FoodDelivery\Gateway\FoodDelivery.Gateway\FoodDelivery.Gateway.csproj : warning NU1902: Package 'System.IdentityModel.Tokens.Jwt' 6.24.0 has a known moderate severity vulnerability, https://github.com/advisories/GHSA-59j7-ghrg-fj52 [D:\.NET\ASPDotNet\FoodDelivery\FoodDelivery.slnx]
  All projects are up-to-date for restore.
D:\.NET\ASPDotNet\FoodDelivery\Gateway\FoodDelivery.Gateway\FoodDelivery.Gateway.csproj : warning NU1603: FoodDelivery.Gateway depends on MMLib.SwaggerForOcelot (>= 8.2.2) but MMLib.SwaggerForOcelot 8.2.2 was not found. MMLib.SwaggerForOcelot 8.3.0 was resolved instead.
D:\.NET\ASPDotNet\FoodDelivery\Gateway\FoodDelivery.Gateway\FoodDelivery.Gateway.csproj : warning NU1903: Package 'Azure.Identity' 1.7.0 has a known high severity vulnerability, https://github.com/advisories/GHSA-5mfx-4wcx-rv27
D:\.NET\ASPDotNet\FoodDelivery\Gateway\FoodDelivery.Gateway\FoodDelivery.Gateway.csproj : warning NU1902: Package 'Azure.Identity' 1.7.0 has a known moderate severity vulnerability, https://github.com/advisories/GHSA-m5vv-6r4h-3vj9
D:\.NET\ASPDotNet\FoodDelivery\Gateway\FoodDelivery.Gateway\FoodDelivery.Gateway.csproj : warning NU1902: Package 'Azure.Identity' 1.7.0 has a known moderate severity vulnerability, https://github.com/advisories/GHSA-wvxc-855f-jvrv
D:\.NET\ASPDotNet\FoodDelivery\Gateway\FoodDelivery.Gateway\FoodDelivery.Gateway.csproj : warning NU1903: Package 'Microsoft.Data.SqlClient' 5.1.0 has a known high severity vulnerability, https://github.com/advisories/GHSA-98g6-xh36-x2p7
D:\.NET\ASPDotNet\FoodDelivery\Gateway\FoodDelivery.Gateway\FoodDelivery.Gateway.csproj : warning NU1902: Package 'Microsoft.IdentityModel.JsonWebTokens' 6.24.0 has a known moderate severity vulnerability, https://github.com/advisories/GHSA-59j7-ghrg-fj52
D:\.NET\ASPDotNet\FoodDelivery\Gateway\FoodDelivery.Gateway\FoodDelivery.Gateway.csproj : warning NU1902: Package 'System.IdentityModel.Tokens.Jwt' 6.24.0 has a known moderate severity vulnerability, https://github.com/advisories/GHSA-59j7-ghrg-fj52
  AdminService.Domain -> D:\.NET\ASPDotNet\FoodDelivery\Services\AdminService\AdminService.Domain\bin\Debug\net10.0\AdminService.Domain.dll
  Shared -> D:\.NET\ASPDotNet\FoodDelivery\Shared\bin\Debug\net10.0\Shared.dll
  AuthService.Domain -> D:\.NET\ASPDotNet\FoodDelivery\Services\AuthService\AuthService.Domain\bin\Debug\net10.0\AuthService.Domain.dll
  CatalogService.Domain -> D:\.NET\ASPDotNet\FoodDelivery\Services\CatalogService\CatalogService.Domain\bin\Debug\net10.0\CatalogService.Domain.dll
  AuthService.Tests -> D:\.NET\ASPDotNet\FoodDelivery\Services\AuthService\AuthService.Tests\bin\Debug\net10.0\AuthService.Tests.dll
  AdminService.Tests -> D:\.NET\ASPDotNet\FoodDelivery\Services\AdminService\AdminService.Tests\bin\Debug\net10.0\AdminService.Tests.dll
  PaymentService.API -> D:\.NET\ASPDotNet\FoodDelivery\Services\PaymentService\PaymentService.API\bin\Debug\net10.0\PaymentService.API.dll
  PaymentService.Infrastructure -> D:\.NET\ASPDotNet\FoodDelivery\Services\PaymentService\PaymentService.Infrastructure\bin\Debug\net10.0\PaymentService.Infrastructure.dll
  OrderService.Domain -> D:\.NET\ASPDotNet\FoodDelivery\Services\OrderService\OrderService.Domain\bin\Debug\net10.0\OrderService.Domain.dll
  CatalogService.Tests -> D:\.NET\ASPDotNet\FoodDelivery\Services\CatalogService\CatalogService.Tests\bin\Debug\net10.0\CatalogService.Tests.dll
  PaymentService.Application -> D:\.NET\ASPDotNet\FoodDelivery\Services\PaymentService\PaymentService.Application\bin\Debug\net10.0\PaymentService.Application.dll
  OrderService.Tests -> D:\.NET\ASPDotNet\FoodDelivery\Services\OrderService\OrderService.Tests\bin\Debug\net10.0\OrderService.Tests.dll
  FoodDelivery.Gateway -> D:\.NET\ASPDotNet\FoodDelivery\Gateway\FoodDelivery.Gateway\bin\Debug\net10.0\FoodDelivery.Gateway.dll
  PaymentService.Domain -> D:\.NET\ASPDotNet\FoodDelivery\Services\PaymentService\PaymentService.Domain\bin\Debug\net10.0\PaymentService.Domain.dll
  PaymentService.Tests -> D:\.NET\ASPDotNet\FoodDelivery\Services\PaymentService\PaymentService.Tests\bin\Debug\net10.0\PaymentService.Tests.dll
  AuthService.Infrastructure -> D:\.NET\ASPDotNet\FoodDelivery\Services\AuthService\AuthService.Infrastructure\bin\Debug\net10.0\AuthService.Infrastructure.dll
  CatalogService.Infrastructure -> D:\.NET\ASPDotNet\FoodDelivery\Services\CatalogService\CatalogService.Infrastructure\bin\Debug\net10.0\CatalogService.Infrastructure.dll
  AdminService.Infrastructure -> D:\.NET\ASPDotNet\FoodDelivery\Services\AdminService\AdminService.Infrastructure\bin\Debug\net10.0\AdminService.Infrastructure.dll
  OrderService.Infrastructure -> D:\.NET\ASPDotNet\FoodDelivery\Services\OrderService\OrderService.Infrastructure\bin\Debug\net10.0\OrderService.Infrastructure.dll
  AdminService.Application -> D:\.NET\ASPDotNet\FoodDelivery\Services\AdminService\AdminService.Application\bin\Debug\net10.0\AdminService.Application.dll
  OrderService.Application -> D:\.NET\ASPDotNet\FoodDelivery\Services\OrderService\OrderService.Application\bin\Debug\net10.0\OrderService.Application.dll
  CatalogService.Application -> D:\.NET\ASPDotNet\FoodDelivery\Services\CatalogService\CatalogService.Application\bin\Debug\net10.0\CatalogService.Application.dll
  AuthService.Application -> D:\.NET\ASPDotNet\FoodDelivery\Services\AuthService\AuthService.Application\bin\Debug\net10.0\AuthService.Application.dll
  CatalogService.API -> D:\.NET\ASPDotNet\FoodDelivery\Services\CatalogService\CatalogService.API\bin\Debug\net10.0\CatalogService.API.dll
  AdminService.API -> D:\.NET\ASPDotNet\FoodDelivery\Services\AdminService\AdminService.API\bin\Debug\net10.0\AdminService.API.dll
  OrderService.API -> D:\.NET\ASPDotNet\FoodDelivery\Services\OrderService\OrderService.API\bin\Debug\net10.0\OrderService.API.dll
  AuthService.API -> D:\.NET\ASPDotNet\FoodDelivery\Services\AuthService\AuthService.API\bin\Debug\net10.0\AuthService.API.dll

Build succeeded.

D:\.NET\ASPDotNet\FoodDelivery\Gateway\FoodDelivery.Gateway\FoodDelivery.Gateway.csproj : warning NU1603: FoodDelivery.Gateway depends on MMLib.SwaggerForOcelot (>= 8.2.2) but MMLib.SwaggerForOcelot 8.2.2 was not found. MMLib.SwaggerForOcelot 8.3.0 was resolved instead. [D:\.NET\ASPDotNet\FoodDelivery\FoodDelivery.slnx]
D:\.NET\ASPDotNet\FoodDelivery\Gateway\FoodDelivery.Gateway\FoodDelivery.Gateway.csproj : warning NU1903: Package 'Azure.Identity' 1.7.0 has a known high severity vulnerability, https://github.com/advisories/GHSA-5mfx-4wcx-rv27 [D:\.NET\ASPDotNet\FoodDelivery\FoodDelivery.slnx]
D:\.NET\ASPDotNet\FoodDelivery\Gateway\FoodDelivery.Gateway\FoodDelivery.Gateway.csproj : warning NU1902: Package 'Azure.Identity' 1.7.0 has a known moderate severity vulnerability, https://github.com/advisories/GHSA-m5vv-6r4h-3vj9 [D:\.NET\ASPDotNet\FoodDelivery\FoodDelivery.slnx]
D:\.NET\ASPDotNet\FoodDelivery\Gateway\FoodDelivery.Gateway\FoodDelivery.Gateway.csproj : warning NU1902: Package 'Azure.Identity' 1.7.0 has a known moderate severity vulnerability, https://github.com/advisories/GHSA-wvxc-855f-jvrv [D:\.NET\ASPDotNet\FoodDelivery\FoodDelivery.slnx]
D:\.NET\ASPDotNet\FoodDelivery\Gateway\FoodDelivery.Gateway\FoodDelivery.Gateway.csproj : warning NU1903: Package 'Microsoft.Data.SqlClient' 5.1.0 has a known high severity vulnerability, https://github.com/advisories/GHSA-98g6-xh36-x2p7 [D:\.NET\ASPDotNet\FoodDelivery\FoodDelivery.slnx]
D:\.NET\ASPDotNet\FoodDelivery\Gateway\FoodDelivery.Gateway\FoodDelivery.Gateway.csproj : warning NU1902: Package 'Microsoft.IdentityModel.JsonWebTokens' 6.24.0 has a known moderate severity vulnerability, https://github.com/advisories/GHSA-59j7-ghrg-fj52 [D:\.NET\ASPDotNet\FoodDelivery\FoodDelivery.slnx]
D:\.NET\ASPDotNet\FoodDelivery\Gateway\FoodDelivery.Gateway\FoodDelivery.Gateway.csproj : warning NU1902: Package 'System.IdentityModel.Tokens.Jwt' 6.24.0 has a known moderate severity vulnerability, https://github.com/advisories/GHSA-59j7-ghrg-fj52 [D:\.NET\ASPDotNet\FoodDelivery\FoodDelivery.slnx]
D:\.NET\ASPDotNet\FoodDelivery\Gateway\FoodDelivery.Gateway\FoodDelivery.Gateway.csproj : warning NU1603: FoodDelivery.Gateway depends on MMLib.SwaggerForOcelot (>= 8.2.2) but MMLib.SwaggerForOcelot 8.2.2 was not found. MMLib.SwaggerForOcelot 8.3.0 was resolved instead.
D:\.NET\ASPDotNet\FoodDelivery\Gateway\FoodDelivery.Gateway\FoodDelivery.Gateway.csproj : warning NU1903: Package 'Azure.Identity' 1.7.0 has a known high severity vulnerability, https://github.com/advisories/GHSA-5mfx-4wcx-rv27
D:\.NET\ASPDotNet\FoodDelivery\Gateway\FoodDelivery.Gateway\FoodDelivery.Gateway.csproj : warning NU1902: Package 'Azure.Identity' 1.7.0 has a known moderate severity vulnerability, https://github.com/advisories/GHSA-m5vv-6r4h-3vj9
D:\.NET\ASPDotNet\FoodDelivery\Gateway\FoodDelivery.Gateway\FoodDelivery.Gateway.csproj : warning NU1902: Package 'Azure.Identity' 1.7.0 has a known moderate severity vulnerability, https://github.com/advisories/GHSA-wvxc-855f-jvrv
D:\.NET\ASPDotNet\FoodDelivery\Gateway\FoodDelivery.Gateway\FoodDelivery.Gateway.csproj : warning NU1903: Package 'Microsoft.Data.SqlClient' 5.1.0 has a known high severity vulnerability, https://github.com/advisories/GHSA-98g6-xh36-x2p7
D:\.NET\ASPDotNet\FoodDelivery\Gateway\FoodDelivery.Gateway\FoodDelivery.Gateway.csproj : warning NU1902: Package 'Microsoft.IdentityModel.JsonWebTokens' 6.24.0 has a known moderate severity vulnerability, https://github.com/advisories/GHSA-59j7-ghrg-fj52
D:\.NET\ASPDotNet\FoodDelivery\Gateway\FoodDelivery.Gateway\FoodDelivery.Gateway.csproj : warning NU1902: Package 'System.IdentityModel.Tokens.Jwt' 6.24.0 has a known moderate severity vulnerability, https://github.com/advisories/GHSA-59j7-ghrg-fj52
    14 Warning(s)
    0 Error(s)

Time Elapsed 00:00:14.17
